============================= test session starts =============================
platform win32 -- Python 3.13.5, pytest-9.0.2, pluggy-1.6.0 -- C:\Users\garim\AppData\Local\Programs\Python\Python313\python.exe
cachedir: .pytest_cache
rootdir: C:\Users\garim\OneDrive\Desktop\Chaos\Custom LTS
collecting ... collected 21 items

tests/test_solver.py::TestConstantRadiusCircle::test_corner_speed_matches_physics[6.0] PASSED [  4%]
tests/test_solver.py::TestConstantRadiusCircle::test_corner_speed_matches_physics[10.0] PASSED [  9%]
tests/test_solver.py::TestConstantRadiusCircle::test_corner_speed_matches_physics[15.0] PASSED [ 14%]
tests/test_solver.py::TestConstantRadiusCircle::test_corner_speed_matches_physics[20.0] PASSED [ 19%]
tests/test_solver.py::TestAutocrossLapTime::test_lap_time_in_expected_range PASSED [ 23%]
tests/test_solver.py::TestAutocrossLapTime::test_avg_speed_reasonable PASSED [ 28%]
tests/test_solver.py::TestAutocrossLapTime::test_summary_string_runs PASSED [ 33%]
tests/test_solver.py::TestEnergyConservation::test_energy_positive PASSED [ 38%]
tests/test_solver.py::TestEnergyConservation::test_energy_less_than_usable PASSED [ 42%]
tests/test_solver.py::TestEnergyConservation::test_soc_decreases PASSED  [ 47%]
tests/test_solver.py::TestSocEndurance::test_soc_decreases_each_lap FAILED [ 52%]
tests/test_solver.py::TestSocEndurance::test_total_energy_across_laps FAILED [ 57%]
tests/test_solver.py::TestThermalDerating::test_motor_temp_rises_over_laps FAILED [ 61%]
tests/test_solver.py::TestThermalDerating::test_lap_time_degradation_positive_in_long_endurance FAILED [ 66%]
tests/test_solver.py::TestThermalDerating::test_thermal_derating_flag_set FAILED [ 71%]
tests/test_solver.py::TestBrakingRespected::test_no_segment_exceeds_braking_limit FAILED [ 76%]
tests/test_solver.py::TestBrakingRespected::test_speed_profile_all_positive PASSED [ 80%]
tests/test_solver.py::TestEnergyTracker::test_soc_decreases_on_step PASSED [ 85%]
tests/test_solver.py::TestEnergyTracker::test_energy_critical_flag PASSED [ 90%]
tests/test_solver.py::TestEnergyTracker::test_soc_clamps_to_zero PASSED  [ 95%]
tests/test_solver.py::TestEnergyTracker::test_voltage_decreases_with_load PASSED [100%]

================================== FAILURES ===================================
________________ TestSocEndurance.test_soc_decreases_each_lap _________________

self = <tests.test_solver.TestSocEndurance object at 0x000001D3D4647110>
solver = <src.solver.qss_solver.QSSSolver object at 0x000001D3D46C97F0>

    def test_soc_decreases_each_lap(self, solver):
        track = make_circular_track(radius=15.0, n_points=300)
        n_laps = 5
>       result = solver.solve_endurance(track, n_laps=n_laps, initial_soc=1.0)
                 ^^^^^^^^^^^^^^^^^^^^^^^^^^^^^^^^^^^^^^^^^^^^^^^^^^^^^^^^^^^^^

tests\test_solver.py:249: 
_ _ _ _ _ _ _ _ _ _ _ _ _ _ _ _ _ _ _ _ _ _ _ _ _ _ _ _ _ _ _ _ _ _ _ _ _ _ _ _
src\solver\qss_solver.py:214: in solve_endurance
    return EnduranceResult(laps=laps)
           ^^^^^^^^^^^^^^^^^^^^^^^^^^
<string>:4: in __init__
    ???
src\solver\lap_results.py:261: in __post_init__
    self._compute_stats()
src\solver\lap_results.py:266: in _compute_stats
    self.total_energy: float = float(np.sum(lap.energy_consumed for lap in self.laps))
                                     ^^^^^^^^^^^^^^^^^^^^^^^^^^^^^^^^^^^^^^^^^^^^^^^^
_ _ _ _ _ _ _ _ _ _ _ _ _ _ _ _ _ _ _ _ _ _ _ _ _ _ _ _ _ _ _ _ _ _ _ _ _ _ _ _

a = <generator object EnduranceResult._compute_stats.<locals>.<genexpr> at 0x000001D3D456B640>
axis = None, dtype = None, out = None, keepdims = <no value>
initial = <no value>, where = <no value>

    @array_function_dispatch(_sum_dispatcher)
    def sum(a, axis=None, dtype=None, out=None, keepdims=np._NoValue,
            initial=np._NoValue, where=np._NoValue):
        """
        Sum of array elements over a given axis.
    
        Parameters
        ----------
        a : array_like
            Elements to sum.
        axis : None or int or tuple of ints, optional
            Axis or axes along which a sum is performed.  The default,
            axis=None, will sum all of the elements of the input array.  If
            axis is negative it counts from the last to the first axis. If
            axis is a tuple of ints, a sum is performed on all of the axes
            specified in the tuple instead of a single axis or all the axes as
            before.
        dtype : dtype, optional
            The type of the returned array and of the accumulator in which the
            elements are summed.  The dtype of `a` is used by default unless `a`
            has an integer dtype of less precision than the default platform
            integer.  In that case, if `a` is signed then the platform integer
            is used while if `a` is unsigned then an unsigned integer of the
            same precision as the platform integer is used.
        out : ndarray, optional
            Alternative output array in which to place the result. It must have
            the same shape as the expected output, but the type of the output
            values will be cast if necessary.
        keepdims : bool, optional
            If this is set to True, the axes which are reduced are left
            in the result as dimensions with size one. With this option,
            the result will broadcast correctly against the input array.
    
            If the default value is passed, then `keepdims` will not be
            passed through to the `sum` method of sub-classes of
            `ndarray`, however any non-default value will be.  If the
            sub-class' method does not implement `keepdims` any
            exceptions will be raised.
        initial : scalar, optional
            Starting value for the sum. See `~numpy.ufunc.reduce` for details.
        where : array_like of bool, optional
            Elements to include in the sum. See `~numpy.ufunc.reduce` for details.
    
        Returns
        -------
        sum_along_axis : ndarray
            An array with the same shape as `a`, with the specified
            axis removed.   If `a` is a 0-d array, or if `axis` is None, a scalar
            is returned.  If an output array is specified, a reference to
            `out` is returned.
    
        See Also
        --------
        ndarray.sum : Equivalent method.
        add: ``numpy.add.reduce`` equivalent function.
        cumsum : Cumulative sum of array elements.
        trapezoid : Integration of array values using composite trapezoidal rule.
    
        mean, average
    
        Notes
        -----
        Arithmetic is modular when using integer types, and no error is
        raised on overflow.
    
        The sum of an empty array is the neutral element 0:
    
        >>> np.sum([])
        0.0
    
        For floating point numbers the numerical precision of sum (and
        ``np.add.reduce``) is in general limited by directly adding each number
        individually to the result causing rounding errors in every step.
        However, often numpy will use a  numerically better approach (partial
        pairwise summation) leading to improved precision in many use-cases.
        This improved precision is always provided when no ``axis`` is given.
        When ``axis`` is given, it will depend on which axis is summed.
        Technically, to provide the best speed possible, the improved precision
        is only used when the summation is along the fast axis in memory.
        Note that the exact precision may vary depending on other parameters.
        In contrast to NumPy, Python's ``math.fsum`` function uses a slower but
        more precise approach to summation.
        Especially when summing a large number of lower precision floating point
        numbers, such as ``float32``, numerical errors can become significant.
        In such cases it can be advisable to use `dtype="float64"` to use a higher
        precision for the output.
    
        Examples
        --------
        >>> import numpy as np
        >>> np.sum([0.5, 1.5])
        2.0
        >>> np.sum([0.5, 0.7, 0.2, 1.5], dtype=np.int32)
        np.int32(1)
        >>> np.sum([[0, 1], [0, 5]])
        6
        >>> np.sum([[0, 1], [0, 5]], axis=0)
        array([0, 6])
        >>> np.sum([[0, 1], [0, 5]], axis=1)
        array([1, 5])
        >>> np.sum([[0, 1], [np.nan, 5]], where=[False, True], axis=1)
        array([1., 5.])
    
        If the accumulator is too small, overflow occurs:
    
        >>> np.ones(128, dtype=np.int8).sum(dtype=np.int8)
        np.int8(-128)
    
        You can also start the sum with a value other than zero:
    
        >>> np.sum([10], initial=5)
        15
        """
        if isinstance(a, _gentype):
            # 2018-02-25, 1.15.0
>           raise TypeError(
                "Calling np.sum(generator) is deprecated."
                "Use np.sum(np.fromiter(generator)) or "
                "the python sum builtin instead.",
            )
E           TypeError: Calling np.sum(generator) is deprecated.Use np.sum(np.fromiter(generator)) or the python sum builtin instead.

..\..\..\..\AppData\Local\Programs\Python\Python313\Lib\site-packages\numpy\_core\fromnumeric.py:2419: TypeError
_______________ TestSocEndurance.test_total_energy_across_laps ________________

self = <tests.test_solver.TestSocEndurance object at 0x000001D3D4647250>
solver = <src.solver.qss_solver.QSSSolver object at 0x000001D3D46C97F0>

    def test_total_energy_across_laps(self, solver):
        track = make_circular_track(radius=15.0, n_points=300)
>       result = solver.solve_endurance(track, n_laps=5, initial_soc=1.0)
                 ^^^^^^^^^^^^^^^^^^^^^^^^^^^^^^^^^^^^^^^^^^^^^^^^^^^^^^^^

tests\test_solver.py:263: 
_ _ _ _ _ _ _ _ _ _ _ _ _ _ _ _ _ _ _ _ _ _ _ _ _ _ _ _ _ _ _ _ _ _ _ _ _ _ _ _
src\solver\qss_solver.py:214: in solve_endurance
    return EnduranceResult(laps=laps)
           ^^^^^^^^^^^^^^^^^^^^^^^^^^
<string>:4: in __init__
    ???
src\solver\lap_results.py:261: in __post_init__
    self._compute_stats()
src\solver\lap_results.py:266: in _compute_stats
    self.total_energy: float = float(np.sum(lap.energy_consumed for lap in self.laps))
                                     ^^^^^^^^^^^^^^^^^^^^^^^^^^^^^^^^^^^^^^^^^^^^^^^^
_ _ _ _ _ _ _ _ _ _ _ _ _ _ _ _ _ _ _ _ _ _ _ _ _ _ _ _ _ _ _ _ _ _ _ _ _ _ _ _

a = <generator object EnduranceResult._compute_stats.<locals>.<genexpr> at 0x000001D3D476C7C0>
axis = None, dtype = None, out = None, keepdims = <no value>
initial = <no value>, where = <no value>

    @array_function_dispatch(_sum_dispatcher)
    def sum(a, axis=None, dtype=None, out=None, keepdims=np._NoValue,
            initial=np._NoValue, where=np._NoValue):
        """
        Sum of array elements over a given axis.
    
        Parameters
        ----------
        a : array_like
            Elements to sum.
        axis : None or int or tuple of ints, optional
            Axis or axes along which a sum is performed.  The default,
            axis=None, will sum all of the elements of the input array.  If
            axis is negative it counts from the last to the first axis. If
            axis is a tuple of ints, a sum is performed on all of the axes
            specified in the tuple instead of a single axis or all the axes as
            before.
        dtype : dtype, optional
            The type of the returned array and of the accumulator in which the
            elements are summed.  The dtype of `a` is used by default unless `a`
            has an integer dtype of less precision than the default platform
            integer.  In that case, if `a` is signed then the platform integer
            is used while if `a` is unsigned then an unsigned integer of the
            same precision as the platform integer is used.
        out : ndarray, optional
            Alternative output array in which to place the result. It must have
            the same shape as the expected output, but the type of the output
            values will be cast if necessary.
        keepdims : bool, optional
            If this is set to True, the axes which are reduced are left
            in the result as dimensions with size one. With this option,
            the result will broadcast correctly against the input array.
    
            If the default value is passed, then `keepdims` will not be
            passed through to the `sum` method of sub-classes of
            `ndarray`, however any non-default value will be.  If the
            sub-class' method does not implement `keepdims` any
            exceptions will be raised.
        initial : scalar, optional
            Starting value for the sum. See `~numpy.ufunc.reduce` for details.
        where : array_like of bool, optional
            Elements to include in the sum. See `~numpy.ufunc.reduce` for details.
    
        Returns
        -------
        sum_along_axis : ndarray
            An array with the same shape as `a`, with the specified
            axis removed.   If `a` is a 0-d array, or if `axis` is None, a scalar
            is returned.  If an output array is specified, a reference to
            `out` is returned.
    
        See Also
        --------
        ndarray.sum : Equivalent method.
        add: ``numpy.add.reduce`` equivalent function.
        cumsum : Cumulative sum of array elements.
        trapezoid : Integration of array values using composite trapezoidal rule.
    
        mean, average
    
        Notes
        -----
        Arithmetic is modular when using integer types, and no error is
        raised on overflow.
    
        The sum of an empty array is the neutral element 0:
    
        >>> np.sum([])
        0.0
    
        For floating point numbers the numerical precision of sum (and
        ``np.add.reduce``) is in general limited by directly adding each number
        individually to the result causing rounding errors in every step.
        However, often numpy will use a  numerically better approach (partial
        pairwise summation) leading to improved precision in many use-cases.
        This improved precision is always provided when no ``axis`` is given.
        When ``axis`` is given, it will depend on which axis is summed.
        Technically, to provide the best speed possible, the improved precision
        is only used when the summation is along the fast axis in memory.
        Note that the exact precision may vary depending on other parameters.
        In contrast to NumPy, Python's ``math.fsum`` function uses a slower but
        more precise approach to summation.
        Especially when summing a large number of lower precision floating point
        numbers, such as ``float32``, numerical errors can become significant.
        In such cases it can be advisable to use `dtype="float64"` to use a higher
        precision for the output.
    
        Examples
        --------
        >>> import numpy as np
        >>> np.sum([0.5, 1.5])
        2.0
        >>> np.sum([0.5, 0.7, 0.2, 1.5], dtype=np.int32)
        np.int32(1)
        >>> np.sum([[0, 1], [0, 5]])
        6
        >>> np.sum([[0, 1], [0, 5]], axis=0)
        array([0, 6])
        >>> np.sum([[0, 1], [0, 5]], axis=1)
        array([1, 5])
        >>> np.sum([[0, 1], [np.nan, 5]], where=[False, True], axis=1)
        array([1., 5.])
    
        If the accumulator is too small, overflow occurs:
    
        >>> np.ones(128, dtype=np.int8).sum(dtype=np.int8)
        np.int8(-128)
    
        You can also start the sum with a value other than zero:
    
        >>> np.sum([10], initial=5)
        15
        """
        if isinstance(a, _gentype):
            # 2018-02-25, 1.15.0
>           raise TypeError(
                "Calling np.sum(generator) is deprecated."
                "Use np.sum(np.fromiter(generator)) or "
                "the python sum builtin instead.",
            )
E           TypeError: Calling np.sum(generator) is deprecated.Use np.sum(np.fromiter(generator)) or the python sum builtin instead.

..\..\..\..\AppData\Local\Programs\Python\Python313\Lib\site-packages\numpy\_core\fromnumeric.py:2419: TypeError
_____________ TestThermalDerating.test_motor_temp_rises_over_laps _____________

self = <tests.test_solver.TestThermalDerating object at 0x000001D3D4647390>
solver = <src.solver.qss_solver.QSSSolver object at 0x000001D3D46C97F0>

    def test_motor_temp_rises_over_laps(self, solver):
        """Motor temperature at end of last lap > temperature at start."""
        track = make_circular_track(radius=30.0, n_points=300)
>       result = solver.solve_endurance(track, n_laps=10, initial_soc=1.0)
                 ^^^^^^^^^^^^^^^^^^^^^^^^^^^^^^^^^^^^^^^^^^^^^^^^^^^^^^^^^

tests\test_solver.py:280: 
_ _ _ _ _ _ _ _ _ _ _ _ _ _ _ _ _ _ _ _ _ _ _ _ _ _ _ _ _ _ _ _ _ _ _ _ _ _ _ _
src\solver\qss_solver.py:214: in solve_endurance
    return EnduranceResult(laps=laps)
           ^^^^^^^^^^^^^^^^^^^^^^^^^^
<string>:4: in __init__
    ???
src\solver\lap_results.py:261: in __post_init__
    self._compute_stats()
src\solver\lap_results.py:266: in _compute_stats
    self.total_energy: float = float(np.sum(lap.energy_consumed for lap in self.laps))
                                     ^^^^^^^^^^^^^^^^^^^^^^^^^^^^^^^^^^^^^^^^^^^^^^^^
_ _ _ _ _ _ _ _ _ _ _ _ _ _ _ _ _ _ _ _ _ _ _ _ _ _ _ _ _ _ _ _ _ _ _ _ _ _ _ _

a = <generator object EnduranceResult._compute_stats.<locals>.<genexpr> at 0x000001D3D456BDC0>
axis = None, dtype = None, out = None, keepdims = <no value>
initial = <no value>, where = <no value>

    @array_function_dispatch(_sum_dispatcher)
    def sum(a, axis=None, dtype=None, out=None, keepdims=np._NoValue,
            initial=np._NoValue, where=np._NoValue):
        """
        Sum of array elements over a given axis.
    
        Parameters
        ----------
        a : array_like
            Elements to sum.
        axis : None or int or tuple of ints, optional
            Axis or axes along which a sum is performed.  The default,
            axis=None, will sum all of the elements of the input array.  If
            axis is negative it counts from the last to the first axis. If
            axis is a tuple of ints, a sum is performed on all of the axes
            specified in the tuple instead of a single axis or all the axes as
            before.
        dtype : dtype, optional
            The type of the returned array and of the accumulator in which the
            elements are summed.  The dtype of `a` is used by default unless `a`
            has an integer dtype of less precision than the default platform
            integer.  In that case, if `a` is signed then the platform integer
            is used while if `a` is unsigned then an unsigned integer of the
            same precision as the platform integer is used.
        out : ndarray, optional
            Alternative output array in which to place the result. It must have
            the same shape as the expected output, but the type of the output
            values will be cast if necessary.
        keepdims : bool, optional
            If this is set to True, the axes which are reduced are left
            in the result as dimensions with size one. With this option,
            the result will broadcast correctly against the input array.
    
            If the default value is passed, then `keepdims` will not be
            passed through to the `sum` method of sub-classes of
            `ndarray`, however any non-default value will be.  If the
            sub-class' method does not implement `keepdims` any
            exceptions will be raised.
        initial : scalar, optional
            Starting value for the sum. See `~numpy.ufunc.reduce` for details.
        where : array_like of bool, optional
            Elements to include in the sum. See `~numpy.ufunc.reduce` for details.
    
        Returns
        -------
        sum_along_axis : ndarray
            An array with the same shape as `a`, with the specified
            axis removed.   If `a` is a 0-d array, or if `axis` is None, a scalar
            is returned.  If an output array is specified, a reference to
            `out` is returned.
    
        See Also
        --------
        ndarray.sum : Equivalent method.
        add: ``numpy.add.reduce`` equivalent function.
        cumsum : Cumulative sum of array elements.
        trapezoid : Integration of array values using composite trapezoidal rule.
    
        mean, average
    
        Notes
        -----
        Arithmetic is modular when using integer types, and no error is
        raised on overflow.
    
        The sum of an empty array is the neutral element 0:
    
        >>> np.sum([])
        0.0
    
        For floating point numbers the numerical precision of sum (and
        ``np.add.reduce``) is in general limited by directly adding each number
        individually to the result causing rounding errors in every step.
        However, often numpy will use a  numerically better approach (partial
        pairwise summation) leading to improved precision in many use-cases.
        This improved precision is always provided when no ``axis`` is given.
        When ``axis`` is given, it will depend on which axis is summed.
        Technically, to provide the best speed possible, the improved precision
        is only used when the summation is along the fast axis in memory.
        Note that the exact precision may vary depending on other parameters.
        In contrast to NumPy, Python's ``math.fsum`` function uses a slower but
        more precise approach to summation.
        Especially when summing a large number of lower precision floating point
        numbers, such as ``float32``, numerical errors can become significant.
        In such cases it can be advisable to use `dtype="float64"` to use a higher
        precision for the output.
    
        Examples
        --------
        >>> import numpy as np
        >>> np.sum([0.5, 1.5])
        2.0
        >>> np.sum([0.5, 0.7, 0.2, 1.5], dtype=np.int32)
        np.int32(1)
        >>> np.sum([[0, 1], [0, 5]])
        6
        >>> np.sum([[0, 1], [0, 5]], axis=0)
        array([0, 6])
        >>> np.sum([[0, 1], [0, 5]], axis=1)
        array([1, 5])
        >>> np.sum([[0, 1], [np.nan, 5]], where=[False, True], axis=1)
        array([1., 5.])
    
        If the accumulator is too small, overflow occurs:
    
        >>> np.ones(128, dtype=np.int8).sum(dtype=np.int8)
        np.int8(-128)
    
        You can also start the sum with a value other than zero:
    
        >>> np.sum([10], initial=5)
        15
        """
        if isinstance(a, _gentype):
            # 2018-02-25, 1.15.0
>           raise TypeError(
                "Calling np.sum(generator) is deprecated."
                "Use np.sum(np.fromiter(generator)) or "
                "the python sum builtin instead.",
            )
E           TypeError: Calling np.sum(generator) is deprecated.Use np.sum(np.fromiter(generator)) or the python sum builtin instead.

..\..\..\..\AppData\Local\Programs\Python\Python313\Lib\site-packages\numpy\_core\fromnumeric.py:2419: TypeError
__ TestThermalDerating.test_lap_time_degradation_positive_in_long_endurance ___

self = <tests.test_solver.TestThermalDerating object at 0x000001D3D46474D0>
solver = <src.solver.qss_solver.QSSSolver object at 0x000001D3D46C97F0>

    def test_lap_time_degradation_positive_in_long_endurance(self, solver):
        """Worst lap must be \u2265 best lap (degradation \u2265 0)."""
        track = make_circular_track(radius=20.0, n_points=300)
>       result = solver.solve_endurance(track, n_laps=15, initial_soc=1.0)
                 ^^^^^^^^^^^^^^^^^^^^^^^^^^^^^^^^^^^^^^^^^^^^^^^^^^^^^^^^^

tests\test_solver.py:290: 
_ _ _ _ _ _ _ _ _ _ _ _ _ _ _ _ _ _ _ _ _ _ _ _ _ _ _ _ _ _ _ _ _ _ _ _ _ _ _ _
src\solver\qss_solver.py:214: in solve_endurance
    return EnduranceResult(laps=laps)
           ^^^^^^^^^^^^^^^^^^^^^^^^^^
<string>:4: in __init__
    ???
src\solver\lap_results.py:261: in __post_init__
    self._compute_stats()
src\solver\lap_results.py:266: in _compute_stats
    self.total_energy: float = float(np.sum(lap.energy_consumed for lap in self.laps))
                                     ^^^^^^^^^^^^^^^^^^^^^^^^^^^^^^^^^^^^^^^^^^^^^^^^
_ _ _ _ _ _ _ _ _ _ _ _ _ _ _ _ _ _ _ _ _ _ _ _ _ _ _ _ _ _ _ _ _ _ _ _ _ _ _ _

a = <generator object EnduranceResult._compute_stats.<locals>.<genexpr> at 0x000001D3D476CB80>
axis = None, dtype = None, out = None, keepdims = <no value>
initial = <no value>, where = <no value>

    @array_function_dispatch(_sum_dispatcher)
    def sum(a, axis=None, dtype=None, out=None, keepdims=np._NoValue,
            initial=np._NoValue, where=np._NoValue):
        """
        Sum of array elements over a given axis.
    
        Parameters
        ----------
        a : array_like
            Elements to sum.
        axis : None or int or tuple of ints, optional
            Axis or axes along which a sum is performed.  The default,
            axis=None, will sum all of the elements of the input array.  If
            axis is negative it counts from the last to the first axis. If
            axis is a tuple of ints, a sum is performed on all of the axes
            specified in the tuple instead of a single axis or all the axes as
            before.
        dtype : dtype, optional
            The type of the returned array and of the accumulator in which the
            elements are summed.  The dtype of `a` is used by default unless `a`
            has an integer dtype of less precision than the default platform
            integer.  In that case, if `a` is signed then the platform integer
            is used while if `a` is unsigned then an unsigned integer of the
            same precision as the platform integer is used.
        out : ndarray, optional
            Alternative output array in which to place the result. It must have
            the same shape as the expected output, but the type of the output
            values will be cast if necessary.
        keepdims : bool, optional
            If this is set to True, the axes which are reduced are left
            in the result as dimensions with size one. With this option,
            the result will broadcast correctly against the input array.
    
            If the default value is passed, then `keepdims` will not be
            passed through to the `sum` method of sub-classes of
            `ndarray`, however any non-default value will be.  If the
            sub-class' method does not implement `keepdims` any
            exceptions will be raised.
        initial : scalar, optional
            Starting value for the sum. See `~numpy.ufunc.reduce` for details.
        where : array_like of bool, optional
            Elements to include in the sum. See `~numpy.ufunc.reduce` for details.
    
        Returns
        -------
        sum_along_axis : ndarray
            An array with the same shape as `a`, with the specified
            axis removed.   If `a` is a 0-d array, or if `axis` is None, a scalar
            is returned.  If an output array is specified, a reference to
            `out` is returned.
    
        See Also
        --------
        ndarray.sum : Equivalent method.
        add: ``numpy.add.reduce`` equivalent function.
        cumsum : Cumulative sum of array elements.
        trapezoid : Integration of array values using composite trapezoidal rule.
    
        mean, average
    
        Notes
        -----
        Arithmetic is modular when using integer types, and no error is
        raised on overflow.
    
        The sum of an empty array is the neutral element 0:
    
        >>> np.sum([])
        0.0
    
        For floating point numbers the numerical precision of sum (and
        ``np.add.reduce``) is in general limited by directly adding each number
        individually to the result causing rounding errors in every step.
        However, often numpy will use a  numerically better approach (partial
        pairwise summation) leading to improved precision in many use-cases.
        This improved precision is always provided when no ``axis`` is given.
        When ``axis`` is given, it will depend on which axis is summed.
        Technically, to provide the best speed possible, the improved precision
        is only used when the summation is along the fast axis in memory.
        Note that the exact precision may vary depending on other parameters.
        In contrast to NumPy, Python's ``math.fsum`` function uses a slower but
        more precise approach to summation.
        Especially when summing a large number of lower precision floating point
        numbers, such as ``float32``, numerical errors can become significant.
        In such cases it can be advisable to use `dtype="float64"` to use a higher
        precision for the output.
    
        Examples
        --------
        >>> import numpy as np
        >>> np.sum([0.5, 1.5])
        2.0
        >>> np.sum([0.5, 0.7, 0.2, 1.5], dtype=np.int32)
        np.int32(1)
        >>> np.sum([[0, 1], [0, 5]])
        6
        >>> np.sum([[0, 1], [0, 5]], axis=0)
        array([0, 6])
        >>> np.sum([[0, 1], [0, 5]], axis=1)
        array([1, 5])
        >>> np.sum([[0, 1], [np.nan, 5]], where=[False, True], axis=1)
        array([1., 5.])
    
        If the accumulator is too small, overflow occurs:
    
        >>> np.ones(128, dtype=np.int8).sum(dtype=np.int8)
        np.int8(-128)
    
        You can also start the sum with a value other than zero:
    
        >>> np.sum([10], initial=5)
        15
        """
        if isinstance(a, _gentype):
            # 2018-02-25, 1.15.0
>           raise TypeError(
                "Calling np.sum(generator) is deprecated."
                "Use np.sum(np.fromiter(generator)) or "
                "the python sum builtin instead.",
            )
E           TypeError: Calling np.sum(generator) is deprecated.Use np.sum(np.fromiter(generator)) or the python sum builtin instead.

..\..\..\..\AppData\Local\Programs\Python\Python313\Lib\site-packages\numpy\_core\fromnumeric.py:2419: TypeError
_____________ TestThermalDerating.test_thermal_derating_flag_set ______________

self = <tests.test_solver.TestThermalDerating object at 0x000001D3D4656780>
solver = <src.solver.qss_solver.QSSSolver object at 0x000001D3D46C97F0>

    def test_thermal_derating_flag_set(self, solver):
        """After many laps at full throttle on a tight circle, derating should fire."""
        track = make_circular_track(radius=20.0, n_points=300)
>       result = solver.solve_endurance(track, n_laps=20, initial_soc=1.0)
                 ^^^^^^^^^^^^^^^^^^^^^^^^^^^^^^^^^^^^^^^^^^^^^^^^^^^^^^^^^

tests\test_solver.py:298: 
_ _ _ _ _ _ _ _ _ _ _ _ _ _ _ _ _ _ _ _ _ _ _ _ _ _ _ _ _ _ _ _ _ _ _ _ _ _ _ _
src\solver\qss_solver.py:214: in solve_endurance
    return EnduranceResult(laps=laps)
           ^^^^^^^^^^^^^^^^^^^^^^^^^^
<string>:4: in __init__
    ???
src\solver\lap_results.py:261: in __post_init__
    self._compute_stats()
src\solver\lap_results.py:266: in _compute_stats
    self.total_energy: float = float(np.sum(lap.energy_consumed for lap in self.laps))
                                     ^^^^^^^^^^^^^^^^^^^^^^^^^^^^^^^^^^^^^^^^^^^^^^^^
_ _ _ _ _ _ _ _ _ _ _ _ _ _ _ _ _ _ _ _ _ _ _ _ _ _ _ _ _ _ _ _ _ _ _ _ _ _ _ _

a = <generator object EnduranceResult._compute_stats.<locals>.<genexpr> at 0x000001D3D456B940>
axis = None, dtype = None, out = None, keepdims = <no value>
initial = <no value>, where = <no value>

    @array_function_dispatch(_sum_dispatcher)
    def sum(a, axis=None, dtype=None, out=None, keepdims=np._NoValue,
            initial=np._NoValue, where=np._NoValue):
        """
        Sum of array elements over a given axis.
    
        Parameters
        ----------
        a : array_like
            Elements to sum.
        axis : None or int or tuple of ints, optional
            Axis or axes along which a sum is performed.  The default,
            axis=None, will sum all of the elements of the input array.  If
            axis is negative it counts from the last to the first axis. If
            axis is a tuple of ints, a sum is performed on all of the axes
            specified in the tuple instead of a single axis or all the axes as
            before.
        dtype : dtype, optional
            The type of the returned array and of the accumulator in which the
            elements are summed.  The dtype of `a` is used by default unless `a`
            has an integer dtype of less precision than the default platform
            integer.  In that case, if `a` is signed then the platform integer
            is used while if `a` is unsigned then an unsigned integer of the
            same precision as the platform integer is used.
        out : ndarray, optional
            Alternative output array in which to place the result. It must have
            the same shape as the expected output, but the type of the output
            values will be cast if necessary.
        keepdims : bool, optional
            If this is set to True, the axes which are reduced are left
            in the result as dimensions with size one. With this option,
            the result will broadcast correctly against the input array.
    
            If the default value is passed, then `keepdims` will not be
            passed through to the `sum` method of sub-classes of
            `ndarray`, however any non-default value will be.  If the
            sub-class' method does not implement `keepdims` any
            exceptions will be raised.
        initial : scalar, optional
            Starting value for the sum. See `~numpy.ufunc.reduce` for details.
        where : array_like of bool, optional
            Elements to include in the sum. See `~numpy.ufunc.reduce` for details.
    
        Returns
        -------
        sum_along_axis : ndarray
            An array with the same shape as `a`, with the specified
            axis removed.   If `a` is a 0-d array, or if `axis` is None, a scalar
            is returned.  If an output array is specified, a reference to
            `out` is returned.
    
        See Also
        --------
        ndarray.sum : Equivalent method.
        add: ``numpy.add.reduce`` equivalent function.
        cumsum : Cumulative sum of array elements.
        trapezoid : Integration of array values using composite trapezoidal rule.
    
        mean, average
    
        Notes
        -----
        Arithmetic is modular when using integer types, and no error is
        raised on overflow.
    
        The sum of an empty array is the neutral element 0:
    
        >>> np.sum([])
        0.0
    
        For floating point numbers the numerical precision of sum (and
        ``np.add.reduce``) is in general limited by directly adding each number
        individually to the result causing rounding errors in every step.
        However, often numpy will use a  numerically better approach (partial
        pairwise summation) leading to improved precision in many use-cases.
        This improved precision is always provided when no ``axis`` is given.
        When ``axis`` is given, it will depend on which axis is summed.
        Technically, to provide the best speed possible, the improved precision
        is only used when the summation is along the fast axis in memory.
        Note that the exact precision may vary depending on other parameters.
        In contrast to NumPy, Python's ``math.fsum`` function uses a slower but
        more precise approach to summation.
        Especially when summing a large number of lower precision floating point
        numbers, such as ``float32``, numerical errors can become significant.
        In such cases it can be advisable to use `dtype="float64"` to use a higher
        precision for the output.
    
        Examples
        --------
        >>> import numpy as np
        >>> np.sum([0.5, 1.5])
        2.0
        >>> np.sum([0.5, 0.7, 0.2, 1.5], dtype=np.int32)
        np.int32(1)
        >>> np.sum([[0, 1], [0, 5]])
        6
        >>> np.sum([[0, 1], [0, 5]], axis=0)
        array([0, 6])
        >>> np.sum([[0, 1], [0, 5]], axis=1)
        array([1, 5])
        >>> np.sum([[0, 1], [np.nan, 5]], where=[False, True], axis=1)
        array([1., 5.])
    
        If the accumulator is too small, overflow occurs:
    
        >>> np.ones(128, dtype=np.int8).sum(dtype=np.int8)
        np.int8(-128)
    
        You can also start the sum with a value other than zero:
    
        >>> np.sum([10], initial=5)
        15
        """
        if isinstance(a, _gentype):
            # 2018-02-25, 1.15.0
>           raise TypeError(
                "Calling np.sum(generator) is deprecated."
                "Use np.sum(np.fromiter(generator)) or "
                "the python sum builtin instead.",
            )
E           TypeError: Calling np.sum(generator) is deprecated.Use np.sum(np.fromiter(generator)) or the python sum builtin instead.

..\..\..\..\AppData\Local\Programs\Python\Python313\Lib\site-packages\numpy\_core\fromnumeric.py:2419: TypeError
_________ TestBrakingRespected.test_no_segment_exceeds_braking_limit __________

self = <tests.test_solver.TestBrakingRespected object at 0x000001D3D4647610>
solver = <src.solver.qss_solver.QSSSolver object at 0x000001D3D46C97F0>
vehicle = <src.vehicle.vehicle_model.VehicleDynamics object at 0x000001D39FB73CB0>

    def test_no_segment_exceeds_braking_limit(self, solver, vehicle):
        track = make_fsae_autocross_track()
        result = solver.solve_autocross(track)
    
        v = result.speed_profile
        dist = result.distance
    
        violations = 0
        for i in range(len(v) - 1):
            vi = float(v[i])
            vi1 = float(v[i + 1])
            if vi1 >= vi:
                continue   # not braking
            ds = float(dist[i + 1] - dist[i])
            if ds <= 0:
                continue
            ax_actual = (vi1 ** 2 - vi ** 2) / (2.0 * ds)   # negative
            ax_brake_limit = -vehicle.max_braking_deceleration(max(vi, 0.5))
            # Allow 2% tolerance for floating-point rounding in the profile
            if ax_actual < ax_brake_limit * 1.02:
                violations += 1
    
>       assert violations == 0, (
            f"{violations} segments exceeded max braking deceleration"
        )
E       AssertionError: 9 segments exceeded max braking deceleration
E       assert 9 == 0

tests\test_solver.py:338: AssertionError
=========================== short test summary info ===========================
FAILED tests/test_solver.py::TestSocEndurance::test_soc_decreases_each_lap - ...
FAILED tests/test_solver.py::TestSocEndurance::test_total_energy_across_laps
FAILED tests/test_solver.py::TestThermalDerating::test_motor_temp_rises_over_laps
FAILED tests/test_solver.py::TestThermalDerating::test_lap_time_degradation_positive_in_long_endurance
FAILED tests/test_solver.py::TestThermalDerating::test_thermal_derating_flag_set
FAILED tests/test_solver.py::TestBrakingRespected::test_no_segment_exceeds_braking_limit
======================== 6 failed, 15 passed in 3.95s =========================
